mini
ASUS-PC@DESKTOP-UHK8PAF MINGW64 ~
$ mkdir test

ASUS-PC@DESKTOP-UHK8PAF MINGW64 ~
$ pwd
/c/Users/ASUS-PC

ASUS-PC@DESKTOP-UHK8PAF MINGW64 ~
$ cd test

ASUS-PC@DESKTOP-UHK8PAF MINGW64 ~/test
$ git config --global  user.name 'aa809412690'

ASUS-PC@DESKTOP-UHK8PAF MINGW64 ~/test
$ git config --global  user.email '809412690@qq.com'

ASUS-PC@DESKTOP-UHK8PAF MINGW64 ~/test
$ git init
Initialized empty Git repository in C:/Users/ASUS-PC/test/.git/

ASUS-PC@DESKTOP-UHK8PAF MINGW64 ~/test (master)
$ git status
On branch master

No commits yet

Untracked files:
  (use "git add <file>..." to include in what will be committed)

        123.txt

nothing added to commit but untracked files present (use "git add" to track)

ASUS-PC@DESKTOP-UHK8PAF MINGW64 ~/test (master)
$ git add 123.txt

ASUS-PC@DESKTOP-UHK8PAF MINGW64 ~/test (master)
$ git commit -m 'add 123 file'
[master (root-commit) e810696] add 123 file
 1 file changed, 1 insertion(+)
 create mode 100644 123.txt

ASUS-PC@DESKTOP-UHK8PAF MINGW64 ~/test (master)
$ git remote add origin https://github.com/aa809412690/test.git

ASUS-PC@DESKTOP-UHK8PAF MINGW64 ~/test (master)
$ git push -u
fatal: The current branch master has no upstream branch.
To push the current branch and set the remote as upstream, use

    git push --set-upstream origin master


ASUS-PC@DESKTOP-UHK8PAF MINGW64 ~/test (master)
$ git commit -m 'add 123.txt'
On branch master
nothing to commit, working tree clean

ASUS-PC@DESKTOP-UHK8PAF MINGW64 ~/test (master)
$ git remote add origin https://github.com/aa809412690/test.git
fatal: remote origin already exists.

ASUS-PC@DESKTOP-UHK8PAF MINGW64 ~/test (master)
$ git push -u
fatal: The current branch master has no upstream branch.
To push the current branch and set the remote as upstream, use

    git push --set-upstream origin master


ASUS-PC@DESKTOP-UHK8PAF MINGW64 ~/test (master)
$ git push -u origin master
Counting objects: 3, done.
Writing objects: 100% (3/3), 205 bytes | 205.00 KiB/s, done.
Total 3 (delta 0), reused 0 (delta 0)
To https://github.com/aa809412690/test.git
 * [new branch]      master -> master
Branch 'master' set up to track remote branch 'master' from 'origin'.

ASUS-PC@DESKTOP-UHK8PAF MINGW64 ~/test (master)
$
